0.7.3
PIPPO
pippo

DANIELE2 => daniele2
2024-08-20

filter: datetostr
1) 2024-08-20
2) 24-08-20


filter: datetimetostr
1) 2024-08-20 10:20:30
2) marted&igrave; 20 agosto 2024 10:20:30


    value1.1
    value1.2
    value1.3

empty var ==> 

gt 1 > 0

lt 0 < 123

ge 1 > 0

le 0 = 0

eq 0 = 0

ne 0 = 1

intvalue0 = intvalue0

intvalue0 ne intvalue1


  Customer uppercase: FORD
  Customer lowercase: ford  
  Customer lpad:       Ford
  Customer lpad: ______Ford
  Customer rpad: Ford      
  Customer rpad: Ford______ 
  Customer capitalize: Ford   
  Customer contains "a": False 
  Customer icontains "a": False 
  Customer round 1234,5678
  Customer round 1234,568
  Customer round 1234,57
  Customer round 1234,6
  Customer round 1235
  Customer round 1200  
  Customer formatfloat 1235  
  Customer formatfloat 1234.56780    
  Customer formatfloat 1234.6      
  Customer formatfloat 0.000
  Customer formatfloat 1.000  
  Customer formatfloat 1    

  Customer uppercase: FERRARI
  Customer lowercase: ferrari  
  Customer lpad:    Ferrari
  Customer lpad: ___Ferrari
  Customer rpad: Ferrari   
  Customer rpad: Ferrari___ 
  Customer capitalize: Ferrari   
  Customer contains "a": True 
  Customer icontains "a": True 
  Customer round 1234,5678
  Customer round 1234,568
  Customer round 1234,57
  Customer round 1234,6
  Customer round 1235
  Customer round 1200  
  Customer formatfloat 1235  
  Customer formatfloat 1234.56780    
  Customer formatfloat 1234.6      
  Customer formatfloat 0.000
  Customer formatfloat 1.000  
  Customer formatfloat 1    

  Customer uppercase: LOTUS
  Customer lowercase: lotus  
  Customer lpad:      Lotus
  Customer lpad: _____Lotus
  Customer rpad: Lotus     
  Customer rpad: Lotus_____ 
  Customer capitalize: Lotus   
  Customer contains "a": False 
  Customer icontains "a": False 
  Customer round 1234,5678
  Customer round 1234,568
  Customer round 1234,57
  Customer round 1234,6
  Customer round 1235
  Customer round 1200  
  Customer formatfloat 1235  
  Customer formatfloat 1234.56780    
  Customer formatfloat 1234.6      
  Customer formatfloat 0.000
  Customer formatfloat 1.000  
  Customer formatfloat 1    

  Customer uppercase: FCA
  Customer lowercase: fca  
  Customer lpad:        FCA
  Customer lpad: _______FCA
  Customer rpad: FCA       
  Customer rpad: FCA_______ 
  Customer capitalize: Fca   
  Customer contains "a": False 
  Customer icontains "a": True 
  Customer round 1234,5678
  Customer round 1234,568
  Customer round 1234,57
  Customer round 1234,6
  Customer round 1235
  Customer round 1200  
  Customer formatfloat 1235  
  Customer formatfloat 1234.56780    
  Customer formatfloat 1234.6      
  Customer formatfloat 0.000
  Customer formatfloat 1.000  
  Customer formatfloat 1    

  Customer uppercase: HYUNDAI
  Customer lowercase: hyundai  
  Customer lpad:    Hyundai
  Customer lpad: ___Hyundai
  Customer rpad: Hyundai   
  Customer rpad: Hyundai___ 
  Customer capitalize: Hyundai   
  Customer contains "a": True 
  Customer icontains "a": True 
  Customer round 1234,5678
  Customer round 1234,568
  Customer round 1234,57
  Customer round 1234,6
  Customer round 1235
  Customer round 1200  
  Customer formatfloat 1235  
  Customer formatfloat 1234.56780    
  Customer formatfloat 1234.6      
  Customer formatfloat 0.000
  Customer formatfloat 1.000  
  Customer formatfloat 1    

  Customer uppercase: DE TOMASO
  Customer lowercase: de tomaso  
  Customer lpad:  De Tomaso
  Customer lpad: _De Tomaso
  Customer rpad: De Tomaso 
  Customer rpad: De Tomaso_ 
  Customer capitalize: De Tomaso   
  Customer contains "a": True 
  Customer icontains "a": True 
  Customer round 1234,5678
  Customer round 1234,568
  Customer round 1234,57
  Customer round 1234,6
  Customer round 1235
  Customer round 1200  
  Customer formatfloat 1235  
  Customer formatfloat 1234.56780    
  Customer formatfloat 1234.6      
  Customer formatfloat 0.000
  Customer formatfloat 1.000  
  Customer formatfloat 1    

  Customer uppercase: DODGE
  Customer lowercase: dodge  
  Customer lpad:      Dodge
  Customer lpad: _____Dodge
  Customer rpad: Dodge     
  Customer rpad: Dodge_____ 
  Customer capitalize: Dodge   
  Customer contains "a": False 
  Customer icontains "a": False 
  Customer round 1234,5678
  Customer round 1234,568
  Customer round 1234,57
  Customer round 1234,6
  Customer round 1235
  Customer round 1200  
  Customer formatfloat 1235  
  Customer formatfloat 1234.56780    
  Customer formatfloat 1234.6      
  Customer formatfloat 0.000
  Customer formatfloat 1.000  
  Customer formatfloat 1    

  Customer uppercase: TESLA
  Customer lowercase: tesla  
  Customer lpad:      Tesla
  Customer lpad: _____Tesla
  Customer rpad: Tesla     
  Customer rpad: Tesla_____ 
  Customer capitalize: Tesla   
  Customer contains "a": True 
  Customer icontains "a": True 
  Customer round 1234,5678
  Customer round 1234,568
  Customer round 1234,57
  Customer round 1234,6
  Customer round 1235
  Customer round 1200  
  Customer formatfloat 1235  
  Customer formatfloat 1234.56780    
  Customer formatfloat 1234.6      
  Customer formatfloat 0.000
  Customer formatfloat 1.000  
  Customer formatfloat 1    

  Customer uppercase: KIA
  Customer lowercase: kia  
  Customer lpad:        Kia
  Customer lpad: _______Kia
  Customer rpad: Kia       
  Customer rpad: Kia_______ 
  Customer capitalize: Kia   
  Customer contains "a": True 
  Customer icontains "a": True 
  Customer round 1234,5678
  Customer round 1234,568
  Customer round 1234,57
  Customer round 1234,6
  Customer round 1235
  Customer round 1200  
  Customer formatfloat 1235  
  Customer formatfloat 1234.56780    
  Customer formatfloat 1234.6      
  Customer formatfloat 0.000
  Customer formatfloat 1.000  
  Customer formatfloat 1    

  Customer uppercase: TATA
  Customer lowercase: tata  
  Customer lpad:       Tata
  Customer lpad: ______Tata
  Customer rpad: Tata      
  Customer rpad: Tata______ 
  Customer capitalize: Tata   
  Customer contains "a": True 
  Customer icontains "a": True 
  Customer round 1234,5678
  Customer round 1234,568
  Customer round 1234,57
  Customer round 1234,6
  Customer round 1235
  Customer round 1200  
  Customer formatfloat 1235  
  Customer formatfloat 1234.56780    
  Customer formatfloat 1234.6      
  Customer formatfloat 0.000
  Customer formatfloat 1.000  
  Customer formatfloat 1    

  Customer uppercase: VOLKSWAGEN
  Customer lowercase: volkswagen  
  Customer lpad: Volkswagen
  Customer lpad: Volkswagen
  Customer rpad: Volkswagen
  Customer rpad: Volkswagen 
  Customer capitalize: Volkswagen   
  Customer contains "a": True 
  Customer icontains "a": True 
  Customer round 1234,5678
  Customer round 1234,568
  Customer round 1234,57
  Customer round 1234,6
  Customer round 1235
  Customer round 1200  
  Customer formatfloat 1235  
  Customer formatfloat 1234.56780    
  Customer formatfloat 1234.6      
  Customer formatfloat 0.000
  Customer formatfloat 1.000  
  Customer formatfloat 1    

  Customer uppercase: AUDI
  Customer lowercase: audi  
  Customer lpad:       Audi
  Customer lpad: ______Audi
  Customer rpad: Audi      
  Customer rpad: Audi______ 
  Customer capitalize: Audi   
  Customer contains "a": False 
  Customer icontains "a": True 
  Customer round 1234,5678
  Customer round 1234,568
  Customer round 1234,57
  Customer round 1234,6
  Customer round 1235
  Customer round 1200  
  Customer formatfloat 1235  
  Customer formatfloat 1234.56780    
  Customer formatfloat 1234.6      
  Customer formatfloat 0.000
  Customer formatfloat 1.000  
  Customer formatfloat 1    

  Customer uppercase: SKODA
  Customer lowercase: skoda  
  Customer lpad:      Skoda
  Customer lpad: _____Skoda
  Customer rpad: Skoda     
  Customer rpad: Skoda_____ 
  Customer capitalize: Skoda   
  Customer contains "a": True 
  Customer icontains "a": True 
  Customer round 1234,5678
  Customer round 1234,568
  Customer round 1234,57
  Customer round 1234,6
  Customer round 1235
  Customer round 1200  
  Customer formatfloat 1235  
  Customer formatfloat 1234.56780    
  Customer formatfloat 1234.6      
  Customer formatfloat 0.000
  Customer formatfloat 1.000  
  Customer formatfloat 1    


