Daniele
True
123
234
1979-11-04
1979-11-04T17:18:19.000+01:00
17:18:19
1234.5678