************* Ultra Nested List of objects
LEV1>
LEV2>
Value1 = Value1.1
LEV2<
LEV2>
Value1 = Value1.2
LEV2<
 
LEV1<
LEV1>
LEV2>
Value1 = Value2.1
LEV2<
LEV2>
Value1 = Value2.2
LEV2<
 
LEV1<
LEV1>
LEV2>
Value1 = Value3.1
LEV2<
LEV2>
Value1 = Value3.2
LEV2<
 
LEV1<
