************* Object with child list of object
Level |SimpleDataItem0|
Level |SimpleDataItem1|
Level |SimpleDataItem2|
