List of objects with nullables
: [true] [False] [1] [2011-11-17]
---
: [] [] [] []
---
