---
1
OK
4
---
1
OK
4
---
1
OK
4
---
1
OK
4
---
1
OK
4
---
1
OK
4
---
1
OK
4
---
1
OK
4
---
1
OK
4
---
1
OK
4
---
1
OK
4
---
1
OK
4
---
1
OK
4
---
1
OK
4
---
1
OK
4
---
1
OK
4
---
1
OK
4
---
1
OK
4
---